0 verbose cli C:\Program Files\nodejs\node.exe C:\Program Files\nodejs\node_modules\npm\bin\npm-cli.js
1 info using npm@10.9.3
2 info using node@v22.18.0
3 silly config load:file:C:\Program Files\nodejs\node_modules\npm\npmrc
4 silly config load:file:C:\Users\CASH\.npmrc
5 silly config load:file:C:\dev\vuna\%APPDATA%\npm\etc\npmrc
6 verbose title npm install pnpm
7 verbose argv "install" "--global" "pnpm"
8 verbose logfile logs-max:10 dir:C:\dev\vuna\%APPDATA%\npm-cache\_logs\2026-05-21T12_17_35_071Z-
9 verbose logfile C:\dev\vuna\%APPDATA%\npm-cache\_logs\2026-05-21T12_17_35_071Z-debug-0.log
10 silly packumentCache heap:2197815296 maxSize:549453824 maxEntrySize:274726912
11 silly logfile start cleaning logs, removing 1 files
12 silly idealTree buildDeps
13 silly fetch manifest pnpm@*
14 silly packumentCache full:https://registry.npmjs.org/pnpm cache-miss
15 silly logfile done cleaning log files
16 http fetch GET 200 https://registry.npmjs.org/pnpm 1265ms (cache miss)
17 silly packumentCache full:https://registry.npmjs.org/pnpm set size:undefined disposed:false
18 silly placeDep ROOT pnpm@11.1.3 OK for:  want: *
19 silly reify moves {}
20 http cache pnpm@https://registry.npmjs.org/pnpm/-/pnpm-11.1.3.tgz 1ms (cache hit)
21 silly tarball no local data for pnpm@https://registry.npmjs.org/pnpm/-/pnpm-11.1.3.tgz. Extracting by manifest.
22 http fetch GET 200 https://registry.npmjs.org/pnpm/-/pnpm-11.1.3.tgz 17370ms (cache miss)
23 silly ADD node_modules/pnpm
24 verbose cwd C:\dev\vuna
25 verbose os Windows_NT 10.0.26200
26 verbose node v22.18.0
27 verbose npm  v10.9.3
28 verbose exit 0
29 info ok
