0 verbose cli C:\Program Files\nodejs\node.exe C:\Program Files\nodejs\node_modules\npm\bin\npm-cli.js
1 info using npm@10.9.3
2 info using node@v22.18.0
3 silly config load:file:C:\Program Files\nodejs\node_modules\npm\npmrc
4 silly config load:file:c:\dev\vuna\.npmrc
5 silly config load:file:C:\Users\CASH\.npmrc
6 silly config load:file:c:\dev\vuna\%APPDATA%\npm\etc\npmrc
7 verbose title npm view @tailwindcss/postcss@latest description homepage version time
8 verbose argv "view" "--json" "--" "@tailwindcss/postcss@latest" "description" "homepage" "version" "time"
9 verbose logfile logs-max:10 dir:c:\dev\vuna\%APPDATA%\npm-cache\_logs\2026-05-20T18_52_27_424Z-
10 verbose logfile c:\dev\vuna\%APPDATA%\npm-cache\_logs\2026-05-20T18_52_27_424Z-debug-0.log
11 silly logfile start cleaning logs, removing 2 files
12 silly logfile done cleaning log files
13 http fetch GET 200 https://registry.npmjs.org/@tailwindcss%2fpostcss 10827ms (cache miss)
14 verbose cwd c:\dev\vuna
15 verbose os Windows_NT 10.0.26200
16 verbose node v22.18.0
17 verbose npm  v10.9.3
18 verbose exit 0
19 info ok
